alexander@MacBook-Pro-Alexander Data-Bases % mysql -u root -p
Enter password: 
Welcome to the MySQL monitor.  Commands end with ; or \g.
Your MySQL connection id is 67
Server version: 8.1.0 MySQL Community Server - GPL

Copyright (c) 2000, 2024, Oracle and/or its affiliates.

Oracle is a registered trademark of Oracle Corporation and/or its
affiliates. Other names may be trademarks of their respective
owners.

Type 'help;' or '\h' for help. Type '\c' to clear the current input statement.

mysql> 
mysql> EXPLAIN SELECT * FROM users_part WHERE firstname = 'Павел';
ERROR 1046 (3D000): No database selected
mysql> use broker;
Reading table information for completion of table and column names
You can turn off this feature to get a quicker startup with -A

Database changed
mysql> EXPLAIN SELECT * FROM users_part WHERE firstname = 'Павел';
+----+-------------+------------+-------------------------------+------+---------------+-----------+---------+-------+------+----------+-------+
| id | select_type | table      | partitions                    | type | possible_keys | key       | key_len | ref   | rows | filtered | Extra |
+----+-------------+------------+-------------------------------+------+---------------+-----------+---------+-------+------+----------+-------+
|  1 | SIMPLE      | users_part | p0,p1,p2,p3,p4,p5,p6,p7,p8,p9 | ref  | firstname     | firstname | 202     | const |    4 |   100.00 | NULL  |
+----+-------------+------------+-------------------------------+------+---------------+-----------+---------+-------+------+----------+-------+
1 row in set, 1 warning (0,00 sec)

mysql> mysql> EXPLAIN SELECT * FROM users_part WHERE id = 4;
+----+-------------+------------+------------+-------+---------------+------+---------+-------+------+----------+-------+
| id | select_type | table      | partitions | type  | possible_keys | key  | key_len | ref   | rows | filtered | Extra |
+----+-------------+------------+------------+-------+---------------+------+---------+-------+------+----------+-------+
|  1 | SIMPLE      | users_part | p4         | const | id            | id   | 8       | const |    1 |   100.00 | NULL  |
+----+-------------+------------+------------+-------+---------------+------+---------+-------+------+----------+-------+
1 row in set, 1 warning (0,00 sec)

mysql> EXPLAIN SELECT * FROM users WHERE id = 4;
+----+-------------+-------+------------+-------+---------------+---------+---------+-------+------+----------+-------+
| id | select_type | table | partitions | type  | possible_keys | key     | key_len | ref   | rows | filtered | Extra |
+----+-------------+-------+------------+-------+---------------+---------+---------+-------+------+----------+-------+
|  1 | SIMPLE      | users | NULL       | const | PRIMARY,id    | PRIMARY | 8       | const |    1 |   100.00 | NULL  |
+----+-------------+-------+------------+-------+---------------+---------+---------+-------+------+----------+-------+
1 row in set, 1 warning (0,00 sec)

mysql> EXPLAIN SELECT * FROM bill_of_users_
    -> EXPLAIN SELECT * FROM bill_of_users_part WHERE id = 3;
ERROR 1064 (42000): You have an error in your SQL syntax; check the manual that corresponds to your MySQL server version for the right syntax to use near 'EXPLAIN SELECT * FROM bill_of_users_part WHERE id = 3' at line 2
mysql> EXPLAIN SELECT * FROM bill_of_users_part WHERE id = 3;
+----+-------------+--------------------+------------+-------+---------------+---------+---------+-------+------+----------+-------+
| id | select_type | table              | partitions | type  | possible_keys | key     | key_len | ref   | rows | filtered | Extra |
+----+-------------+--------------------+------------+-------+---------------+---------+---------+-------+------+----------+-------+
|  1 | SIMPLE      | bill_of_users_part | p3         | const | PRIMARY,id    | PRIMARY | 8       | const |    1 |   100.00 | NULL  |
+----+-------------+--------------------+------------+-------+---------------+---------+---------+-------+------+----------+-------+
1 row in set, 1 warning (0,00 sec)

mysql> EXPLAIN SELECT * FROM bill_of_users WHERE id = 3;
+----+-------------+---------------+------------+-------+---------------+---------+---------+-------+------+----------+-------+
| id | select_type | table         | partitions | type  | possible_keys | key     | key_len | ref   | rows | filtered | Extra |
+----+-------------+---------------+------------+-------+---------------+---------+---------+-------+------+----------+-------+
|  1 | SIMPLE      | bill_of_users | NULL       | const | PRIMARY,id    | PRIMARY | 8       | const |    1 |   100.00 | NULL  |
+----+-------------+---------------+------------+-------+---------------+---------+---------+-------+------+----------+-------+
1 row in set, 1 warning (0,00 sec)

mysql> EXPLAIN SELECT * FROM deals_part WHERE id = 7;
+----+-------------+------------+------------+-------+---------------+---------+---------+-------+------+----------+-------+
| id | select_type | table      | partitions | type  | possible_keys | key     | key_len | ref   | rows | filtered | Extra |
+----+-------------+------------+------------+-------+---------------+---------+---------+-------+------+----------+-------+
|  1 | SIMPLE      | deals_part | p4         | const | PRIMARY,id    | PRIMARY | 8       | const |    1 |   100.00 | NULL  |
+----+-------------+------------+------------+-------+---------------+---------+---------+-------+------+----------+-------+
1 row in set, 1 warning (0,00 sec)

mysql> EXPLAIN SELECT * FROM deals WHERE id = 7;
+----+-------------+-------+------------+------+---------------+------+---------+------+------+----------+--------------------------------+
| id | select_type | table | partitions | type | possible_keys | key  | key_len | ref  | rows | filtered | Extra                          |
+----+-------------+-------+------------+------+---------------+------+---------+------+------+----------+--------------------------------+
|  1 | SIMPLE      | NULL  | NULL       | NULL | NULL          | NULL | NULL    | NULL | NULL |     NULL | no matching row in const table |
+----+-------------+-------+------------+------+---------------+------+---------+------+------+----------+--------------------------------+
1 row in set, 1 warning (0,01 sec)

mysql> EXPLAIN SELECT * FROM deals WHERE id = 2;
+----+-------------+-------+------------+------+---------------+------+---------+------+------+----------+--------------------------------+
| id | select_type | table | partitions | type | possible_keys | key  | key_len | ref  | rows | filtered | Extra                          |
+----+-------------+-------+------------+------+---------------+------+---------+------+------+----------+--------------------------------+
|  1 | SIMPLE      | NULL  | NULL       | NULL | NULL          | NULL | NULL    | NULL | NULL |     NULL | no matching row in const table |
+----+-------------+-------+------------+------+---------------+------+---------+------+------+----------+--------------------------------+
1 row in set, 1 warning (0,00 sec)

mysql> EXPLAIN SELECT * FROM deals_part WHERE id = 4;
+----+-------------+------------+------------+-------+---------------+---------+---------+-------+------+----------+-------+
| id | select_type | table      | partitions | type  | possible_keys | key     | key_len | ref   | rows | filtered | Extra |
+----+-------------+------------+------------+-------+---------------+---------+---------+-------+------+----------+-------+
|  1 | SIMPLE      | deals_part | p3         | const | PRIMARY,id    | PRIMARY | 8       | const |    1 |   100.00 | NULL  |
+----+-------------+------------+------------+-------+---------------+---------+---------+-------+------+----------+-------+
1 row in set, 1 warning (0,00 sec)

mysql> 
